======================================================================================================================
E13-E18  FLEXIBILITY COMPARISON WITH VALIDATION-BASED SELECTION,
         MATCHED CAPACITY, EQUAL TUNING BUDGET AND FOUR METRICS
======================================================================================================================
======================================================================================================================
support-pycox   n=8873  T=20  p=19   20 seeds
======================================================================================================================
    seed 0: q*=8 lam*=1000 kan*=(6, 0.0)  [322s]
    seed 1: q*=4 lam*=100 kan*=(10, 0.01)  [465s]
    seed 2: q*=4 lam*=10 kan*=(6, 0.0)  [403s]
    seed 3: q*=4 lam*=100 kan*=(10, 0.01)  [633s]
    seed 4: q*=6 lam*=1000 kan*=(6, 0.0)  [457s]
    seed 5: q*=4 lam*=1000 kan*=(10, 0.01)  [394s]
    seed 6: q*=8 lam*=10 kan*=(6, 0.0)  [330s]
    seed 7: q*=4 lam*=1000 kan*=(6, 0.0)  [341s]
    seed 8: q*=4 lam*=10 kan*=(14, 0.01)  [483s]
    seed 9: q*=4 lam*=1000 kan*=(6, 0.0)  [386s]
    seed 10: q*=6 lam*=100 kan*=(6, 0.0)  [333s]
    seed 11: q*=10 lam*=1 kan*=(10, 0.01)  [586s]
    seed 12: q*=4 lam*=10 kan*=(6, 0.0)  [517s]
    seed 13: q*=6 lam*=1000 kan*=(10, 0.01)  [578s]
    seed 14: q*=4 lam*=1000 kan*=(6, 0.0)  [464s]
    seed 15: q*=6 lam*=100 kan*=(6, 0.0)  [523s]
    seed 16: q*=8 lam*=1000 kan*=(6, 0.0)  [532s]
    seed 17: q*=4 lam*=100 kan*=(6, 0.0)  [390s]
    seed 18: q*=4 lam*=100 kan*=(6, 0.0)  [399s]
    seed 19: q*=4 lam*=1000 kan*=(6, 0.0)  [394s]

  arm                          nll      c_antolini           c_uno             ibs             ici
  linear              2.5786+-0.020    0.6006+-0.008    0.6023+-0.008    0.1769+-0.002    0.0435+-0.009
  GAM(q*)             2.5732+-0.020    0.6165+-0.008    0.6172+-0.008    0.1741+-0.002    0.0369+-0.008
  P-spline(lam*)      2.5714+-0.020    0.6156+-0.007    0.6164+-0.008    0.1742+-0.002    0.0346+-0.006
  KAN(matched)        2.5722+-0.019    0.6148+-0.007    0.6157+-0.007    0.1743+-0.002    0.0359+-0.007
  KAN(tuned)          2.5741+-0.019    0.6151+-0.007    0.6159+-0.007    0.1744+-0.002    0.0370+-0.009
  KAN-deep            2.5792+-0.020    0.6142+-0.008    0.6150+-0.008    0.1749+-0.002    0.0403+-0.010
  GAM+pairs           2.5692+-0.019    0.6192+-0.007    0.6198+-0.008    0.1734+-0.002    0.0331+-0.006

  PAIRED DIFFERENCES against the validation-selected GAM (E13 headline).
  Positive = the arm is better.  NB SE is Nadeau-Bengio corrected.
    arm                                nll            c_antolini                 c_uno                   ibs                   ici
    P-spline(lam*)       +0.00177+-0.00277      -0.00088+-0.00125      -0.00078+-0.00120      -0.00010+-0.00027      +0.00229+-0.00421 
    linear               -0.00549+-0.00354      -0.01585+-0.00208*     -0.01493+-0.00224*     -0.00281+-0.00049*     -0.00657+-0.00537 
    KAN(tuned)           -0.00097+-0.00378      -0.00137+-0.00191      -0.00135+-0.00184      -0.00037+-0.00056      -0.00009+-0.00568 
    KAN(matched)         +0.00096+-0.00275      -0.00165+-0.00231      -0.00154+-0.00219      -0.00024+-0.00042      +0.00100+-0.00436 
    KAN-deep             -0.00609+-0.00414      -0.00226+-0.00239      -0.00222+-0.00235      -0.00086+-0.00056      -0.00332+-0.00461 
    GAM+pairs            +0.00392+-0.00296      +0.00274+-0.00140*     +0.00261+-0.00136      +0.00066+-0.00024*     +0.00383+-0.00436 

  selected q*: [8, 4, 4, 4, 6, 4, 8, 4, 4, 4, 6, 10, 4, 6, 4, 6, 8, 4, 4, 4]
  selected lambda*: [1000.0, 100.0, 10.0, 100.0, 1000.0, 1000.0, 10.0, 1000.0, 10.0, 1000.0, 100.0, 1.0, 10.0, 1000.0, 1000.0, 100.0, 1000.0, 100.0, 100.0, 1000.0]
  selected KAN (grid_size, l1): [(6, 0.0), (10, 0.01), (6, 0.0), (10, 0.01), (6, 0.0), (10, 0.01), (6, 0.0), (6, 0.0), (14, 0.01), (6, 0.0), (6, 0.0), (10, 0.01), (6, 0.0), (10, 0.01), (6, 0.0), (6, 0.0), (6, 0.0), (6, 0.0), (6, 0.0), (6, 0.0)]

  * marks a difference exceeding 1.96 Nadeau-Bengio standard errors.
  KAN(matched) spans the SAME function space as GAM(q*); a gap there is
  optimisation or regularisation, never representation.

wrote [PROJECT_ROOT]\experiments\flexibility_support-pycox.txt
